// Jest Snapshot v1, https://goo.gl/fbAQLP

exports[`matches snapshot 1`] = `
<DocumentFragment>
  <div
    class="ToDo"
  >
    <p
      class="ToDo-text"
    />
    <button
      class="ToDo-edit"
    >
      Edit
    </button>
    <button
      class="ToDo-remove"
    >
      X
    </button>
  </div>
</DocumentFragment>
`;
